\BOOKMARK [1][-]{section*.1}{\376\377\000R\000e\000c\000u\000r\000s\000o\000s\000\040\000c\000o\000m\000p\000u\000t\000a\000c\000i\000o\000n\000a\000l\000e\000s}{}% 1
\BOOKMARK [1][-]{section*.2}{\376\377\000M\000o\000d\000e\000l\000o\000s\000\040\000d\000e\000\040\000L\000e\000n\000g\000u\000a\000j\000e}{}% 2
\BOOKMARK [1][-]{section*.3}{\376\377\000P\000e\000r\000p\000l\000e\000j\000i\000d\000a\000d}{}% 3
\BOOKMARK [2][-]{section*.4}{\376\377\000P\000P\000L\000\040\000e\000n\000\040\000m\000o\000d\000e\000l\000o\000s\000\040\000d\000e\000\040\000R\000e\000d\000e\000s\000\040\000N\000e\000u\000r\000o\000n\000a\000l\000e\000s}{section*.3}% 4
\BOOKMARK [1][-]{section*.5}{\376\377\000P\000a\000r\000t\000e\000\040\000A\000\040\000|\000\040\000G\000e\000n\000e\000r\000a\000c\000i\000\363\000n\000\040\000d\000e\000\040\000t\000e\000x\000t\000o}{}% 5
\BOOKMARK [2][-]{section*.6}{\376\377\000L\000i\000m\000p\000i\000e\000z\000a\000\040\000p\000a\000r\000a\000\040\000c\000o\000r\000p\000u\000s\000\040\000g\000e\000n\000e\000r\000a\000t\000i\000v\000o\000\040\000y\000\040\000p\000a\000r\000a\000\040\000c\000o\000r\000p\000u\000s\000\040\000c\000l\000a\000s\000i\000f\000i\000c\000a\000t\000o\000r\000i\000o}{section*.5}% 6
\BOOKMARK [2][-]{section*.6}{\376\377\000E\000x\000p\000l\000o\000r\000a\000t\000o\000r\000i\000o\000\040\000d\000e\000l\000\040\000c\000o\000r\000p\000u\000s}{section*.5}% 7
\BOOKMARK [1][-]{section*.10}{\376\377\000P\000a\000r\000t\000e\000\040\000A\000\040\000|\000\040\000R\000N\000N}{}% 8
\BOOKMARK [2][-]{section*.11}{\376\377\000F\000o\000r\000m\000u\000l\000a\000c\000i\000\363\000n\000\040\000p\000r\000o\000b\000a\000b\000i\000l\000\355\000s\000t\000i\000c\000a\000\040\000d\000e\000\040\000l\000o\000s\000\040\000M\000o\000d\000e\000l\000o\000s\000\040\000d\000e\000\040\000L\000e\000n\000g\000u\000a\000j\000e\000\040\000\050\000M\000L\000\051}{section*.10}% 9
\BOOKMARK [2][-]{section*.11}{\376\377\000A\000r\000q\000u\000i\000t\000e\000c\000t\000u\000r\000a\000\040\000d\000e\000\040\000l\000a\000s\000\040\000R\000N\000N}{section*.10}% 10
\BOOKMARK [2][-]{section*.11}{\376\377\000A\000r\000q\000u\000i\000t\000e\000c\000t\000u\000r\000a\000\040\000U\000t\000i\000l\000i\000z\000a\000d\000a\000\040\000e\000\040\000H\000i\000p\000e\000r\000p\000a\000r\000\341\000m\000e\000t\000r\000o\000s}{section*.10}% 11
\BOOKMARK [3][-]{section*.12}{\376\377\000E\000s\000t\000r\000u\000c\000t\000u\000r\000a\000\040\000d\000e\000l\000\040\000M\000o\000d\000e\000l\000o}{section*.11}% 12
\BOOKMARK [3][-]{Item.4}{\376\377\000H\000i\000p\000e\000r\000p\000a\000r\000\341\000m\000e\000t\000r\000o\000s\000\040\000d\000e\000\040\000E\000n\000t\000r\000e\000n\000a\000m\000i\000e\000n\000t\000o}{section*.11}% 13
\BOOKMARK [2][-]{table.caption.13}{\376\377\000R\000e\000s\000u\000l\000t\000a\000d\000o\000s}{section*.10}% 14
\BOOKMARK [2][-]{figure.caption.14}{\376\377\000C\000o\000n\000c\000l\000u\000s\000i\000o\000n\000e\000s}{section*.10}% 15
\BOOKMARK [1][-]{section*.15}{\376\377\000P\000a\000r\000t\000e\000\040\000A\000\040\000|\000\040\000L\000S\000T\000M}{}% 16
\BOOKMARK [2][-]{figure.caption.16}{\376\377\000C\000o\000m\000p\000u\000e\000r\000t\000a\000\040\000d\000e\000l\000\040\000O\000l\000v\000i\000d\000o\000\040\000\050\000f\000o\000r\000g\000e\000t\000\040\000g\000a\000t\000e\000\051}{section*.15}% 17
\BOOKMARK [2][-]{figure.caption.16}{\376\377\000C\000o\000m\000p\000u\000e\000r\000t\000a\000\040\000d\000e\000\040\000A\000d\000i\000c\000i\000\363\000n\000\040\000\050\000a\000d\000d\000\040\000g\000a\000t\000e\000\051}{section*.15}% 18
\BOOKMARK [2][-]{figure.caption.16}{\376\377\000C\000o\000m\000p\000u\000e\000r\000t\000a\000\040\000d\000e\000\040\000S\000a\000l\000i\000d\000a\000\040\000\050\000o\000u\000t\000p\000u\000t\000\040\000g\000a\000t\000e\000\051}{section*.15}% 19
\BOOKMARK [2][-]{figure.caption.16}{\376\377\000A\000r\000q\000u\000i\000t\000e\000c\000t\000u\000r\000a\000\040\000U\000t\000i\000l\000i\000z\000a\000d\000a\000\040\000e\000\040\000H\000i\000p\000e\000r\000p\000a\000r\000\341\000m\000e\000t\000r\000o\000s}{section*.15}% 20
\BOOKMARK [3][-]{section*.17}{\376\377\000E\000s\000t\000r\000u\000c\000t\000u\000r\000a\000\040\000d\000e\000l\000\040\000M\000o\000d\000e\000l\000o}{figure.caption.16}% 21
\BOOKMARK [3][-]{Item.8}{\376\377\000H\000i\000p\000e\000r\000p\000a\000r\000\341\000m\000e\000t\000r\000o\000s\000\040\000d\000e\000\040\000E\000n\000t\000r\000e\000n\000a\000m\000i\000e\000n\000t\000o}{figure.caption.16}% 22
\BOOKMARK [2][-]{figure.caption.19}{\376\377\000R\000e\000s\000u\000l\000t\000a\000d\000o\000s}{section*.15}% 23
\BOOKMARK [2][-]{lstnumber.4.1}{\376\377\000C\000o\000n\000c\000l\000u\000s\000i\000o\000n\000e\000s}{section*.15}% 24
\BOOKMARK [1][-]{section*.20}{\376\377\000P\000a\000r\000t\000e\000\040\000A\000\040\000|\000\040\000G\000R\000U}{}% 25
\BOOKMARK [2][-]{section*.21}{\376\377\000L\000a\000\040\000c\000\351\000l\000u\000l\000a\000\040\000G\000R\000U\000\040\000y\000\040\000s\000u\000s\000\040\000c\000o\000m\000p\000u\000e\000r\000t\000a\000s}{section*.20}% 26
\BOOKMARK [2][-]{section*.21}{\376\377\000A\000r\000q\000u\000i\000t\000e\000c\000t\000u\000r\000a\000\040\000U\000t\000i\000l\000i\000z\000a\000d\000a\000\040\000e\000\040\000H\000i\000p\000e\000r\000p\000a\000r\000\341\000m\000e\000t\000r\000o\000s}{section*.20}% 27
\BOOKMARK [3][-]{section*.22}{\376\377\000A\000r\000q\000u\000i\000t\000e\000c\000t\000u\000r\000a\000\040\000d\000e\000l\000\040\000M\000o\000d\000e\000l\000o\000\040\000G\000R\000U}{section*.21}% 28
\BOOKMARK [3][-]{Item.12}{\376\377\000H\000i\000p\000e\000r\000p\000a\000r\000\341\000m\000e\000t\000r\000o\000s\000\040\000d\000e\000\040\000E\000n\000t\000r\000e\000n\000a\000m\000i\000e\000n\000t\000o}{section*.21}% 29
\BOOKMARK [2][-]{table.caption.23}{\376\377\000R\000e\000s\000u\000l\000t\000a\000d\000o\000s}{section*.20}% 30
\BOOKMARK [2][-]{lstnumber.6.1}{\376\377\000C\000o\000n\000c\000l\000u\000s\000i\000o\000n\000e\000s}{section*.20}% 31
\BOOKMARK [1][-]{section*.24}{\376\377\000I\000n\000t\000r\000o\000d\000u\000c\000c\000i\000\363\000n\000\040\000a\000\040\000l\000o\000s\000\040\000T\000r\000a\000n\000s\000f\000o\000r\000m\000e\000r\000s\000\040\000y\000\040\000s\000u\000\040\000r\000e\000l\000a\000c\000i\000\363\000n\000\040\000c\000o\000n\000\040\000l\000o\000s\000\040\000L\000L\000M}{}% 32
\BOOKMARK [2][-]{section*.25}{\376\377\000E\000l\000\040\000c\000a\000m\000b\000i\000o\000\040\000d\000e\000\040\000p\000a\000r\000a\000d\000i\000g\000m\000a}{section*.24}% 33
\BOOKMARK [2][-]{section*.25}{\376\377\000S\000e\000l\000f\000-\000A\000t\000t\000e\000n\000t\000i\000o\000n}{section*.24}% 34
\BOOKMARK [2][-]{section*.25}{\376\377\000M\000u\000l\000t\000i\000-\000h\000e\000a\000d\000\040\000A\000t\000t\000e\000n\000t\000i\000o\000n}{section*.24}% 35
\BOOKMARK [2][-]{section*.25}{\376\377\000T\000r\000a\000n\000s\000f\000o\000r\000m\000e\000r\000s\000\040\000p\000o\000p\000u\000l\000a\000r\000e\000s}{section*.24}% 36
\BOOKMARK [3][-]{section*.26}{\376\377\000G\000P\000T\000\040\000\050\000G\000e\000n\000e\000r\000a\000t\000i\000v\000e\000\040\000P\000r\000e\000t\000r\000a\000i\000n\000e\000d\000\040\000T\000r\000a\000n\000s\000f\000o\000r\000m\000e\000r\000\051}{section*.25}% 37
\BOOKMARK [3][-]{section*.26}{\376\377\000L\000L\000a\000M\000A\000\040\000\050\000L\000a\000r\000g\000e\000\040\000L\000a\000n\000g\000u\000a\000g\000e\000\040\000M\000o\000d\000e\000l\000\040\000M\000e\000t\000a\000\040\000A\000I\000\051}{section*.25}% 38
\BOOKMARK [3][-]{section*.26}{\376\377\000D\000e\000e\000p\000S\000e\000e\000k}{section*.25}% 39
\BOOKMARK [3][-]{section*.26}{\376\377\000O\000t\000r\000o\000s\000\040\000m\000o\000d\000e\000l\000o\000s\000\040\000i\000n\000f\000l\000u\000y\000e\000n\000t\000e\000s}{section*.25}% 40
\BOOKMARK [1][-]{section*.27}{\376\377\000P\000a\000r\000t\000e\000\040\000A\000\040\000|\000\040\000T\000i\000n\000y\000L\000L\000a\000M\000A\000-\0001\000.\0001\000B}{}% 41
\BOOKMARK [2][-]{section*.28}{\376\377\000R\000e\000s\000u\000l\000t\000a\000d\000o\000s}{section*.27}% 42
\BOOKMARK [2][-]{lstnumber.9.1}{\376\377\000C\000o\000n\000c\000l\000u\000s\000i\000o\000n\000e\000s}{section*.27}% 43
\BOOKMARK [1][-]{section*.29}{\376\377\000P\000a\000r\000t\000e\000\040\000A\000\040\000|\000\040\000M\000i\000s\000t\000r\000a\000l\000-\0007\000B\000\040\000L\000o\000R\000A}{}% 44
\BOOKMARK [2][-]{section*.30}{\376\377\000M\000i\000s\000t\000r\000a\000l\000-\0007\000B\000\040\000L\000o\000R\000A}{section*.29}% 45
\BOOKMARK [2][-]{section*.30}{\376\377\000R\000e\000s\000u\000l\000t\000a\000d\000o\000s}{section*.29}% 46
\BOOKMARK [2][-]{lstnumber.12.19}{\376\377\000C\000o\000n\000c\000l\000u\000s\000i\000o\000n\000e\000s}{section*.29}% 47
\BOOKMARK [1][-]{section*.31}{\376\377\000P\000a\000r\000t\000e\000\040\000B\000\040\000|\000\040\000C\000N\000N}{}% 48
\BOOKMARK [2][-]{section*.32}{\376\377\000A\000r\000q\000u\000i\000t\000e\000c\000t\000u\000r\000a\000\040\000C\000N\000N}{section*.31}% 49
\BOOKMARK [2][-]{section*.32}{\376\377\000R\000e\000s\000u\000l\000t\000a\000d\000o\000s}{section*.31}% 50
\BOOKMARK [2][-]{table.caption.33}{\376\377\000V\000i\000s\000u\000a\000l\000i\000z\000a\000c\000i\000\363\000n\000\040\000d\000e\000\040\000M\000o\000d\000e\000l\000o\000s}{section*.31}% 51
\BOOKMARK [2][-]{figure.caption.35}{\376\377\000C\000o\000n\000c\000l\000u\000s\000i\000o\000n\000e\000s}{section*.31}% 52
\BOOKMARK [1][-]{section*.36}{\376\377\000P\000a\000r\000t\000e\000\040\000B\000\040\000|\000\040\000R\000N\000N}{}% 53
\BOOKMARK [2][-]{section*.37}{\376\377\000A\000r\000q\000u\000i\000t\000e\000c\000t\000u\000r\000a\000\040\000R\000N\000N}{section*.36}% 54
\BOOKMARK [2][-]{section*.37}{\376\377\000R\000e\000s\000u\000l\000t\000a\000d\000o\000s}{section*.36}% 55
\BOOKMARK [2][-]{table.caption.38}{\376\377\000V\000i\000s\000u\000a\000l\000i\000z\000a\000c\000i\000\363\000n\000\040\000d\000e\000\040\000M\000o\000d\000e\000l\000o\000s}{section*.36}% 56
\BOOKMARK [2][-]{figure.caption.40}{\376\377\000C\000o\000n\000c\000l\000u\000s\000i\000o\000n\000e\000s}{section*.36}% 57
\BOOKMARK [1][-]{section*.41}{\376\377\000P\000a\000r\000t\000e\000\040\000B\000\040\000|\000\040\000L\000S\000T\000M}{}% 58
\BOOKMARK [2][-]{section*.42}{\376\377\000A\000r\000q\000u\000i\000t\000e\000c\000t\000u\000r\000a\000\040\000L\000S\000T\000M}{section*.41}% 59
\BOOKMARK [3][-]{section*.42}{\376\377\000U\000n\000\040\000M\000o\000d\000e\000l\000o\000\040\000d\000e\000\040\000R\000e\000p\000r\000e\000s\000e\000n\000t\000a\000c\000i\000\363\000n\000\040\000G\000l\000o\000b\000a\000l}{section*.41}% 60
\BOOKMARK [2][-]{section*.42}{\376\377\000C\000o\000n\000c\000l\000u\000s\000i\000o\000n\000e\000s}{section*.41}% 61
\BOOKMARK [2][-]{table.caption.43}{\376\377\000C\000o\000n\000c\000l\000u\000s\000i\000o\000n\000e\000s}{section*.41}% 62
\BOOKMARK [2][-]{table.caption.43}{\376\377\000V\000i\000s\000u\000a\000l\000i\000z\000a\000c\000i\000\363\000n\000\040\000d\000e\000\040\000M\000o\000d\000e\000l\000o\000s}{section*.41}% 63
\BOOKMARK [1][-]{section*.46}{\376\377\000P\000a\000r\000t\000e\000\040\000B\000\040\000|\000\040\000G\000R\000U}{}% 64
\BOOKMARK [2][-]{section*.47}{\376\377\000R\000e\000s\000u\000l\000t\000a\000d\000o\000s}{section*.46}% 65
\BOOKMARK [2][-]{table.caption.48}{\376\377\000C\000o\000n\000c\000l\000u\000s\000i\000o\000n\000e\000s}{section*.46}% 66
\BOOKMARK [2][-]{table.caption.48}{\376\377\000V\000i\000s\000u\000a\000l\000i\000z\000a\000c\000i\000\363\000n\000\040\000d\000e\000\040\000M\000o\000d\000e\000l\000o\000s}{section*.46}% 67
\BOOKMARK [1][-]{section*.51}{\376\377\000T\000r\000a\000n\000f\000o\000r\000m\000e\000r\000s\000\040\000p\000a\000r\000a\000\040\000c\000l\000a\000s\000i\000f\000i\000c\000a\000c\000i\000\363\000n\000\040\000d\000e\000\040\000t\000e\000x\000t\000o\000s}{}% 68
\BOOKMARK [2][-]{section*.52}{\376\377\000C\000l\000a\000s\000i\000f\000i\000c\000a\000c\000i\000\363\000n\000\040\000d\000e\000\040\000t\000e\000x\000t\000o\000\040\000c\000o\000n\000\040\000T\000r\000a\000n\000s\000f\000o\000r\000m\000e\000r\000s}{section*.51}% 69
\BOOKMARK [2][-]{section*.52}{\376\377\000C\000o\000n\000t\000r\000a\000s\000t\000e\000\040\000c\000o\000n\000\040\000e\000l\000\040\000e\000n\000f\000o\000q\000u\000e\000\040\000g\000e\000n\000e\000r\000a\000t\000i\000v\000o}{section*.51}% 70
\BOOKMARK [1][-]{section*.54}{\376\377\000P\000a\000r\000t\000e\000\040\000B\000\040\000|\000\040\000B\000E\000T\000O}{}% 71
\BOOKMARK [2][-]{section*.55}{\376\377\000V\000i\000s\000u\000a\000l\000i\000z\000a\000c\000i\000\363\000n\000\040\000d\000e\000\040\000M\000o\000d\000e\000l\000o\000s}{section*.54}% 72
